> Task :app:checkKotlinGradlePluginConfigurationErrors SKIPPED
> Task :app:preBuild UP-TO-DATE
> Task :app:preDebugBuild UP-TO-DATE
> Task :app:checkDebugAarMetadata UP-TO-DATE
> Task :app:processDebugNavigationResources UP-TO-DATE
> Task :app:compileDebugNavigationResources UP-TO-DATE
> Task :app:generateDebugResValues UP-TO-DATE
> Task :app:processDebugGoogleServices UP-TO-DATE
> Task :app:mapDebugSourceSetPaths UP-TO-DATE
> Task :app:generateDebugResources UP-TO-DATE
> Task :app:mergeDebugResources UP-TO-DATE
> Task :app:packageDebugResources UP-TO-DATE
> Task :app:parseDebugLocalResources UP-TO-DATE
> Task :app:createDebugCompatibleScreenManifests UP-TO-DATE
> Task :app:extractDeepLinksDebug UP-TO-DATE
> Task :app:processDebugMainManifest UP-TO-DATE
> Task :app:processDebugManifest UP-TO-DATE
> Task :app:processDebugManifestForPackage UP-TO-DATE
> Task :app:processDebugResources UP-TO-DATE
> Task :app:kspDebugKotlin UP-TO-DATE

> Task :app:compileDebugKotlin FAILED
.\gradlew : e: file:///C:/Us
ers/91700/OneDrive/Desktop/B
ondub/dealora/frontend/app/s
rc/main/java/com/ayaan/dealo
ra/ui/presentation/addcoupon
/AddCoupon.kt:73:43 
Unresolved reference 
'encodeUriToBase64'.
At line:1 char:1
+ .\gradlew 
:app:compileDebugKotlin > 
build_output.txt 2>&1
+ ~~~~~~~~~~~~~~~~~~~~~~~~~~
~~~~~~~~~~~~~~~~~~~~~~~~~~~~
~~~
    + CategoryInfo          
    : NotSpecified: (e: fi  
  le:///C:/U...deUriToBas   
 e64'.:String) [], Remot    
eException
    + FullyQualifiedErrorId 
    : NativeCommandError
 
e: file:///C:/Users/91700/On
eDrive/Desktop/Bondub/dealor
a/frontend/app/src/main/java
/com/ayaan/dealora/ui/presen
tation/addcoupon/AddCoupon.k
t:75:27 Unresolved 
reference 'processOcr'.
e: file:///C:/Users/91700/On
eDrive/Desktop/Bondub/dealor
a/frontend/app/src/main/java
/com/ayaan/dealora/ui/presen
tation/addcoupon/AddCoupon.k
t:79:33 Cannot infer type 
for this parameter. Please 
specify it explicitly.

FAILURE: Build failed with 
an exception.

* What went wrong:
Execution failed for task 
':app:compileDebugKotlin'.
> A failure occurred while 
executing org.jetbrains.kotl
in.compilerRunner.GradleComp
ilerRunnerWithWorkers$Gradle
KotlinCompilerWorkAction
   > Compilation error. See 
log for more details

* Try:
> Run with --stacktrace 
option to get the stack 
trace.
> Run with --info or 
--debug option to get more 
log output.
> Run with --scan to get 
full insights.
> Get more help at 
https://help.gradle.org.

BUILD FAILED in 24s
18 actionable tasks: 1 executed, 17 up-to-date
